python : 2025-12-08 00:04:15,118 - INFO - ====== WebDriver manager ======
At line:1 char:34
+ ... G = 'utf-8'; python test_cloudflare.py 2>&1 > test_output.txt; Get-Co ...
+                  ~~~~~~~~~~~~~~~~~~~~~~~~~~~~~~~~~~~~~~~~~~~~~~~~
    + CategoryInfo          : NotSpecified: (2025-12-08 00:0... manager ====== 
   :String) [], RemoteException
    + FullyQualifiedErrorId : NativeCommandError
 
2025-12-08 00:04:16,276 - INFO - Get LATEST chromedriver version for google-chr
ome
2025-12-08 00:04:16,820 - INFO - Get LATEST chromedriver version for google-chr
ome
2025-12-08 00:04:17,337 - INFO - Driver [C:\Users\bului\.wdm\drivers\chromedriv
er\win64\142.0.7444.175\chromedriver-win32/chromedriver.exe] found in cache
2025-12-08 00:04:20,495 - INFO - Γ£à PiccoloMonitor ba┼ƒlat─▒ld─▒
2025-12-08 00:04:20,495 - INFO - ≡ƒöä [Y├╢ntem 1] HTTP API approach (Cloudflare
 bypass)...
2025-12-08 00:04:20,495 - INFO -   ≡ƒôí Sayfaya GET: https://www.piccolo.com.tr
/hot-wheels-premium
2025-12-08 00:04:21,197 - WARNING -   ΓÜá∩╕Å  HTML'den ID bulunamad─▒
2025-12-08 00:04:21,198 - INFO -   ≡ƒÆ╛ Debug HTML kaydedildi: piccolo_debug.ht
ml
2025-12-08 00:04:21,198 - INFO - ≡ƒöä [Y├╢ntem 1] HTTP API approach (Cloudflare
 bypass)...
2025-12-08 00:04:21,198 - INFO -   ≡ƒôí Sayfaya GET: https://www.piccolo.com.tr
/hot-wheels-premium
2025-12-08 00:04:21,525 - WARNING -   ΓÜá∩╕Å  HTML'den ID bulunamad─▒
2025-12-08 00:04:21,526 - INFO -   ≡ƒÆ╛ Debug HTML kaydedildi: piccolo_debug.ht
ml
2025-12-08 00:04:21,526 - INFO - ≡ƒöä API ba┼ƒar─▒s─▒z, Selenium'e fallback edi
liyor...

2025-12-08 00:04:21,526 - INFO - ====== WebDriver manager ======
2025-12-08 00:04:22,578 - INFO - Get LATEST chromedriver version for google-chr
ome
2025-12-08 00:04:23,169 - INFO - Get LATEST chromedriver version for google-chr
ome
2025-12-08 00:04:26,875 - INFO - Driver [C:\Users\bului\.wdm\drivers\chromedriv
er\win64\142.0.7444.175\chromedriver-win32/chromedriver.exe] found in cache
2025-12-08 00:04:27,936 - INFO - ≡ƒöä [Y├╢ntem 2] Selenium + JavaScript (Cloudf
lare challenge bypass)...
2025-12-08 00:04:27,936 - INFO -   ≡ƒîÉ Sayfaya gidiyor: https://www.piccolo.co
m.tr/hot-wheels-premium
2025-12-08 00:04:29,956 - INFO -   ΓÅ│ Cloudflare challenge ├º├╢z├╝l├╝yor (5s).
..
2025-12-08 00:04:34,961 - INFO -   Γ£à Document ready
2025-12-08 00:04:40,009 - INFO -   ≡ƒöì JavaScript ile ├╝r├╝n ID'leri ├º─▒kar─▒
l─▒yor...
2025-12-08 00:04:40,013 - INFO -   Γ£à JavaScript: 9 ID bulundu
2025-12-08 00:04:40,330 - INFO -   ≡ƒôä HTML'den 9 ├╝r├╝n├╝n detaylar─▒ ├º─▒kar
─▒l─▒yor...
2025-12-08 00:04:40,351 - INFO -   Γ£à HTML'den 0 ├╝r├╝n bilgisi ├º─▒kar─▒ld─▒

======================================================================
≡ƒº¬ PICCOLO CLOUDFLARE BYPASS TEST SUITE
======================================================================
ΓÅ░ Ba┼ƒlang─▒├º: 2025-12-08 00:04:14


======================================================================
TEST 1: Cloudflare Headers
======================================================================
  Γ£à User-Agent: OK
  Γ£à Accept: OK
  Γ£à Accept-Language: OK
  Γ£à Sec-Fetch-Dest: OK

  Γ£à Toplam 12 header

======================================================================
TEST 2: Cloudflare Session
======================================================================
  Γ£à Session olu┼ƒturuldu
  ≡ƒôí Basit HTTP request testi...
  Γ£à HTTP request ba┼ƒar─▒l─▒ (Status: 200)

======================================================================
TEST 3: Chrome Driver Setup
======================================================================
  ≡ƒÜÇ Chrome driver ba┼ƒlat─▒l─▒yor...
  Γ£à Driver olu┼ƒturuldu
  ≡ƒîÉ localhost navigasyon testi...
  Γ£à Navigation ba┼ƒar─▒l─▒: about:blank
  Γ£à Driver kapat─▒ld─▒

======================================================================
TEST 4: HTTP API Scraping (Cloudflare Bypass)
======================================================================
  ≡ƒöä API direct scraping ba┼ƒl─▒yor...
  ΓÜá∩╕Å  Hata: HTML'de ├╝r├╝n ID'si bulunamad─▒
  ΓÅ▒∩╕Å  S├╝re: 0.70s

======================================================================
TEST 6: Auto Fallback (API -> Selenium)
======================================================================
  ≡ƒöä Auto fallback ba┼ƒl─▒yor...
  1. API dene...
  Γ¥î ├£r├╝n bulunamad─▒

======================================================================
≡ƒôè TEST SONU├çLARI
======================================================================
  Headers              Γ£à PASS
  Session              Γ£à PASS
  Driver               Γ£à PASS
  API Direct           Γ¥î FAIL
  Auto Fallback        Γ¥î FAIL

  Toplam: 3/5 ba┼ƒar─▒l─▒

ΓÜá∩╕Å  2 test ba┼ƒar─▒s─▒z

